[naddict.com/index.html]
[naddict.com/cdn/shop/t/32/assets/favicon9bd8.svg]
[backblue.gif]
[fade.gif]
[index.html]
[naddict.com/cdn/shop/files/Naddict_logo1dd0.png]
[naddict.com/cdn/shop/t/32/assets/global2940.js]
[naddict.com/checkouts/internal/preloads72e2.js]
[naddict.com/cdn/shopifycloud/shop-js/modules/v2/loader.init-shop-cart-sync.en.esm.js]
[cdn.shopify.com/shopifycloud/storefront-forms-hcaptcha/ce_storefront_forms_captcha_hcaptcha.v1.5.2.iife.js]
[naddict.com/cdn/shopifycloud/storefront/assets/storefront/load_feature-1bd60354.js]
[naddict.com/cdn/shopifycloud/storefront/assets/shopify_pay/storefront-bf1cdb705501.js]
[naddict.com/cdn/shopifycloud/portable-wallets/latest/portable-wallets.en.js]
[cdn.shopify.com/shopifycloud/storefront/assets/storefront/origin_trials-0583672e.js]
[naddict.com/cdn/shopifycloud/privacy-banner/storefront-banner.js]
[naddict.com/cdn/shopifycloud/portable-wallets/latest/accelerated-checkout-backwards-compat.css]
[naddict.com/cdn/shop/t/32/assets/base87c0.css]
[cdn.shopify.com/extensions/019e4dea-956c-70fd-99c7-57471db8ffa3/blockify-shopify-330/assets/ip-blocker-embed.min.js]
[naddict.com/POST]
[naddict.com/cdn]
[naddict.com/cdn/s/trekkie.storefront.f7140b8b25ae1195cf346a36a85e3e4bcf46adb3.min.js]
[naddict.com/cdn/shopifycloud/storefront/assets/shop_events_listener-3da45d37.js]
[naddict.com/cdn/shopifycloud/perf-kit/shopify-perf-kit-3.5.0.min.js]
[naddict.com/cart/add.1e.delayed]
[naddict.com/cdn/shop/t/32/assets/2025-06-Naddict-logo-black-1024x4322222.png]
[naddict.com/pages/about.html]
[naddict.com/pages/affiliate.html]
[naddict.com/pages/become-stockist.html]
[widget.trustpilot.com/bootstrap/v5/tp.widget.bootstrap.min.js]
[naddict.com/cdn/shop/t/32/assets/Naddicthero90fa.png]
[naddict.com/cdn/shop/t/32/assets/personaf71d.png]
[naddict.com/cart.html]
[naddict.com/cdn/shop/t/32/assets/Nad Strip9321.png]
[naddict.com/cdn/shop/t/32/assets/Nadpulse Pen kit14f4.png]
[naddict.com/cdn/shop/t/32/assets/Vialsff43.png]
[naddict.com/cdn/shop/files/Naddict_Injectable_NAD_Pen_Systemd00f.png]
[naddict.com/cdn/shop/t/32/assets/Starter Kit6978.png]
[naddict.com/cdn/shop/t/32/assets/Refills472e.png]
[naddict.com/cdn/shop/t/32/assets/Naddict Travel Caseb4a8.png]
[naddict.com/cart.js]
[naddict.com/cdn/shop/t/32/assets/2025-06-BG8663.png]
[naddict.com/cdn/shop/t/32/assets/2025-06-BG-12a4a.png]
[naddict.com/cdn/shop/t/32/assets/2025-06-BG-254d4.png]
[naddict.com/cdn/shop/t/32/assets/2025-06-BG-38342.png]
[naddict.com/cdn/shop/t/32/assets/Vial Benefitsf868.png]
[naddict.com/cdn/shop/t/32/assets/Mental clarity51a5.png]
[naddict.com/cdn/shop/t/32/assets/Increase metabolismd770.png]
[naddict.com/cdn/shop/t/32/assets/Energy Enhancement5d01.png]
[naddict.com/cdn/shop/t/32/assets/Better quality sleepd602.png]
[naddict.com/cdn/shop/t/32/assets/productshowcase1ce8a.png]
[naddict.com/cdn/shop/t/32/assets/2025-06-Group-39524eb45.png]
[naddict.com/cdn/shop/t/32/assets/2025-06-Group-429bf.png]
[naddict.com/cdn/shop/t/32/assets/2025-06-Naddict-Vial-Design2-2ddf9.png]
[naddict.com/cdn/shop/t/32/assets/productshowcase290d3.png]
[naddict.com/cdn/shop/t/32/assets/productshowcase30e6d.png]
[naddict.com/cdn/shop/t/32/assets/productshowcase43116.png]
[naddict.com/cdn/shop/t/32/assets/vial 23b01.png]
[naddict.com/cdn/shop/t/32/assets/vial 38177.png]
[naddict.com/cdn/shop/t/32/assets/vial 48fba.png]
[naddict.com/cdn/shop/t/32/assets/strip 280ae.png]
[naddict.com/cdn/shop/t/32/assets/strip 3cf50.png]
[naddict.com/cdn/shop/t/32/assets/strip 46403.png]
[naddict.com/cdn/shop/t/32/assets/celeb17e74.png]
[naddict.com/cdn/shop/t/32/assets/celeb2406d.png]
[naddict.com/cdn/shop/t/32/assets/celeb3211c.png]
[naddict.com/cdn/shop/t/32/assets/2025-06-Group-59a17.png]
[naddict.com/cdn/shop/t/32/assets/2025-06-Group-1-12f7c.png]
[naddict.com/cdn/shop/t/32/assets/2025-06-Group-2-1452a.png]
[naddict.com/cdn/shop/t/32/assets/2025-06-Group-3-10acd.png]
[naddict.com/cdn/shop/t/32/assets/penverticaldb57.png]
[naddict.com/cdn/shop/t/32/assets/2025-06-Ellipse-4366d77.png]
[naddict.com/cdn/shop/t/32/assets/2025-06-Ellipse-4378e51.png]
[naddict.com/cdn/shop/t/32/assets/2025-06-Ellipse-438709f.png]
[naddict.com/cdn/shop/t/32/assets/2025-06-Ellipse-4392099.png]
[naddict.com/cdn/shop/t/32/assets/check842f.svg]
[naddict.com/products/nadpulse-pen-kit-1.html]
[naddict.com/products/nad-prime-vials-1.html]
[naddict.com/products/nad-smartstrip-1.html]
[naddict.com/cdn/shop/t/32/assets/2025-06-BG-3-1c5bc.png]
[naddict.com/cdn/shop/t/32/assets/2025-06-BG-4-1c8bb.png]
[naddict.com/cdn/shop/t/32/assets/2025-06-BG-55f39.png]
[naddict.com/cdn/shop/t/32/assets/2025-06-BG-6b900.png]
[naddict.com/cdn/shop/t/32/assets/2025-06-BG-8dfc8.png]
[naddict.com/cdn/shop/t/32/assets/2025-06-image-1-1c9ef.png]
[naddict.com/cdn/shop/t/32/assets/2025-06-image-2a65e.png]
[naddict.com/cdn/shop/t/32/assets/2025-06-image-3e316.png]
[naddict.com/cdn/shop/t/32/assets/2025-06-image-4728d.png]
[naddict.com/cart/change.js]
[naddict.com/cart/update.js]
[naddict.com/pages/terms-and-conditions.html]
[naddict.com/pages/privacy-policy.html]
[naddict.com/pages/shipping-policy.html]
[naddict.com/index.html]
[naddict.com/cdn/shop/t/32/assets/favicon9bd8.svg]
[shop.app/checkouts/internal/preloadse364.js]
[naddict.com/cdn/shopifycloud/portable-wallets/latest/accelerated-checkout-backwards-compat.css]
[naddict.com/cdn/shop/t/32/assets/base87c0.css]
[naddict.com/POST.html]
[naddict.com/cdn.html]
[naddict.com/cart/add.js]
[naddict.com/pages/refund-policy.html]
[naddict.com/pages/POST]
[naddict.com/cdn/shop/t/32/assets/heroimage2b0d.png]
[naddict.com/cdn/shop/t/32/assets/Science Backedc431.png]
[naddict.com/cdn/shop/t/32/assets/Premium Qualityae45.png]
[naddict.com/cdn/shop/t/32/assets/Accessible Innovation598e.png]
[naddict.com/cdn/shop/t/32/assets/aboutusbeeb.png]
[naddict.com/pages/about.html]
[naddict.com/cdn/shop/t/32/assets/Naddict-affiliate3b01.png]
[naddict.com/cdn/shop/t/32/assets/whynaddict4b10.png]
[naddict.com/cdn/shop/t/32/assets/2025-09-BG4cdc.png]
[naddict.com/cdn/shop/t/32/assets/2025-09-BG-17dd8.png]
[naddict.com/cdn/shop/t/32/assets/2025-09-BG-24505.png]
[naddict.com/cdn/shop/t/32/assets/2025-09-image2ac6.png]
[naddict.com/cdn/shop/t/32/assets/2025-09-image-1385e.png]
[naddict.com/cdn/shop/t/32/assets/2025-09-image-2750b.png]
[naddict.com/pages/affiliate.html]
[naddict.com/cdn/shop/t/32/assets/stockistd7e7.png]
[naddict.com/cdn/shop/t/32/assets/stockist image7d0b.png]
[naddict.com/cdn/shop/t/32/assets/Expert-Backed Formulations7e62.png]
[naddict.com/cdn/shop/t/32/assets/2025-09-image-1837c.png]
[naddict.com/cdn/shop/t/32/assets/Wholesale Pricing Advantagecb5a.png]
[naddict.com/cdn/shop/t/32/assets/2025-09-BG-1-13618.png]
[naddict.com/cdn/shop/t/32/assets/2025-09-image-35411.png]
[naddict.com/cdn/shop/t/32/assets/2025-09-image-2064a.png]
[naddict.com/cdn/shop/t/32/assets/2025-09-image-41bab.png]
[naddict.com/cdn/shop/t/32/assets/stockistbgd36c.png]
[naddict.com/pages/become-stockist.html]
[naddict.com/cart.html]
[naddict.com/cdn/shop/t/32/assets/check842f.svg]
[naddict.com/cdn/shop/files/pen133df.png]
[naddict.com/products/nadpulse-pen-kit-1.oembed]
[naddict.com/products/POST]
[naddict.com/cdn/shop/files/pen1_800x80081e1.png]
[naddict.com/cdn/shop/files/pen2_800x800fb26.png]
[naddict.com/cdn/shop/files/pen3_800x800fb26.png]
[naddict.com/cdn/shop/files/pen4_800x800d328.jpg]
[naddict.com/cdn/shop/files/pen1_100x10081e1.png]
[naddict.com/cdn/shop/files/pen2_100x100fb26.png]
[naddict.com/cdn/shop/files/pen3_100x100fb26.png]
[naddict.com/cdn/shop/files/pen4_100x100d328.jpg]
[naddict.com/cdn/shop/t/32/assets/2025-06-Group-395184d56.png]
[naddict.com/products/nadpulse-pen-kit-1.js]
[naddict.com/products/nadpulse-pen-kit-1.html]
[naddict.com/cdn/shop/files/vial_4e098.png]
[naddict.com/products/nad-prime-vials-1.oembed]
[naddict.com/cdn/shop/files/vial_4_800x800329f.png]
[naddict.com/cdn/shop/files/vial_1_800x800c83c.png]
[naddict.com/cdn/shop/files/vial_2_800x800c83c.png]
[naddict.com/cdn/shop/files/vial_3_800x800c83c.png]
[naddict.com/cdn/shop/files/vial_4_100x100329f.png]
[naddict.com/cdn/shop/files/vial_1_100x100c83c.png]
[naddict.com/cdn/shop/files/vial_2_100x100c83c.png]
[naddict.com/cdn/shop/files/vial_3_100x100c83c.png]
[naddict.com/products/nad-prime-vials-1.js]
[naddict.com/products/nad-prime-vials-1.html]
[naddict.com/cdn/shop/files/1af02.png]
[naddict.com/products/nad-smartstrip-1.oembed]
[naddict.com/cdn/shop/files/1_800x80023fe.png]
[naddict.com/products/nad-smartstrip-1.js]
[naddict.com/products/nad-smartstrip-1.html]
[naddict.com/cart/change.js]
[naddict.com/pages/terms-and-conditions.html]
[naddict.com/pages/privacy-policy.html]
[naddict.com/pages/shipping-policy.html]
[naddict.com/pages/refund-policy.html]
[naddict.com/pages/POST.html]
[naddict.com/products/POST.html]
[naddict.com/checkouts/cn/hWNCSAlrjmekfMjR4HGAfdv1/en-ro5899.html]
[cdn.shopify.com/s/files/1/0953/5468/3775/files/Naddict_logo_black_x320e53d.png]
[naddict.com/cdn/shopifycloud/checkout-web/assets/c1/polyfills-legacy.8-IUM0k7.js]
[naddict.com/cdn/shopifycloud/checkout-web/assets/c1/app-legacy.BnDatSKi.js]
[naddict.com/cdn/shopifycloud/checkout-web/assets/c1/esnext-vendor-legacy.CNgpDVuc.js]
[naddict.com/cdn/shopifycloud/checkout-web/assets/c1/browser-legacy.DDtqmfOj.js]
[naddict.com/cdn/shopifycloud/checkout-web/assets/c1/shared-is-shop-pay-active-legacy.Bc0L8x1E.js]
[naddict.com/cdn/shopifycloud/checkout-web/assets/c1/types-UnauthenticatedErrorModalPayload-legacy.CAjbZfTG.js]
[naddict.com/cdn/shopifycloud/checkout-web/assets/c1/images-payment-icon-legacy.BW3R3WiF.js]
[naddict.com/cdn/shopifycloud/checkout-web/assets/c1/context-utilities-legacy.BJNQWj-5.js]
[naddict.com/cdn/shopifycloud/checkout-web/assets/c1/utilities-shop-discount-offer-legacy.C-gT1QGT.js]
[naddict.com/cdn/shopifycloud/checkout-web/assets/c1/NotFound-legacy.BTKVoPDc.js]
[naddict.com/cdn/shopifycloud/checkout-web/assets/c1/shared-unactionable-errors-legacy.Ca8-yBNp.js]
[naddict.com/cdn/shopifycloud/checkout-web/assets/c1/helpers-installmentsNotSupportedForAddress-legacy.EDZ_3xy_.js]
[naddict.com/cdn/shopifycloud/checkout-web/assets/c1/extensibility-shared-legacy.CCjYiTqi.js]
[naddict.com/cdn/shopifycloud/checkout-web/assets/c1/hooks-useShopPayCheckoutGqlVersion-legacy.BKQp0Unj.js]
[naddict.com/cdn/shopifycloud/checkout-web/assets/c1/graphql-ShopPayCheckoutSessionQuery-legacy.mTetygxv.js]
[naddict.com/cdn/shopifycloud/checkout-web/assets/c1/helpers-setAddressErrors-legacy._EEgpTo5.js]
[naddict.com/cdn/shopifycloud/checkout-web/assets/c1/images-flag-icon-legacy.Bfupgm8k.js]
[naddict.com/cdn/shopifycloud/checkout-web/assets/c1/types-index-legacy.D3zVVVe-.js]
[naddict.com/cdn/shopifycloud/checkout-web/assets/c1/locale-en-legacy.Bc4hhVTA.js]
[naddict.com/cdn/shopifycloud/checkout-web/assets/c1/page-OnePage-legacy.DHtBXeCu.js]
[naddict.com/cdn/shopifycloud/checkout-web/assets/c1/hooks-useWalletsTimeout-legacy.3-83tAAg.js]
[naddict.com/cdn/shopifycloud/checkout-web/assets/c1/remember-me-hooks-legacy.Cq11ZKX9.js]
[naddict.com/cdn/shopifycloud/checkout-web/assets/c1/MarketsProDisclaimer-legacy.nKu-fAlw.js]
[naddict.com/cdn/shopifycloud/checkout-web/assets/c1/SplitDeliveryMerchandiseContainer-legacy.BmMjLmK3.js]
[naddict.com/cdn/shopifycloud/checkout-web/assets/c1/useShopPayButtonClassName-legacy.D5qQZFTj.js]
[naddict.com/cdn/shopifycloud/checkout-web/assets/c1/ChangeCompanyLocationLink-legacy.ByAfqqtB.js]
[naddict.com/cdn/shopifycloud/checkout-web/assets/c1/WalletsSandbox-WalletSandbox-legacy.CIUtny08.js]
[naddict.com/cdn/shopifycloud/checkout-web/assets/c1/hooks-useUnauthenticatedErrorModal-legacy.Dqx7t5jV.js]
[naddict.com/cdn/shopifycloud/checkout-web/assets/c1/hooks-useForceShopPayUrl-legacy.B5K-x3Ng.js]
[naddict.com/cdn/shopifycloud/checkout-web/assets/c1/GooglePayButton-index-legacy.BQR_ktgQ.js]
[naddict.com/cdn/shopifycloud/checkout-web/assets/c1/ShippingGroupsSummaryLine-legacy.Dp1r10vK.js]
[naddict.com/cdn/shopifycloud/checkout-web/assets/c1/StackedMerchandisePreview-legacy.4angiKSe.js]
[naddict.com/cdn/shopifycloud/checkout-web/assets/c1/AutocompleteField-hooks-legacy.BphTiGtT.js]
[naddict.com/cdn/shopifycloud/checkout-web/assets/c1/LocalizationExtensionField-legacy.CZzpNq8G.js]
[naddict.com/cdn/shopifycloud/checkout-web/assets/c1/hooks-useShopPayPaymentRequiredMethod-legacy.VN6ue1aN.js]
[naddict.com/cdn/shopifycloud/checkout-web/assets/c1/hooks-useUpdateCheckoutAddress-legacy.Dd6EZKT_.js]
[naddict.com/cdn/shopifycloud/checkout-web/assets/c1/ShopPayOptInDisclaimer-legacy.BfzSkU8x.js]
[naddict.com/cdn/shopifycloud/checkout-web/assets/c1/hooks-useShowShopPayOptin-legacy.D3CSDp3T.js]
[naddict.com/cdn/shopifycloud/checkout-web/assets/c1/hooks-useHasOrdersFromMultipleShops-legacy.BS91l39X.js]
[naddict.com/cdn/shopifycloud/checkout-web/assets/c1/hooks-useGeneralPaymentErrorMessage-legacy.CiOmW72C.js]
[naddict.com/cdn/shopifycloud/checkout-web/assets/c1/PayPalOverCaptureInfoBanner-legacy.BsbJtVK3.js]
[naddict.com/cdn/shopifycloud/checkout-web/assets/c1/RememberMeDescriptionText-legacy.DvD0qSHk.js]
[naddict.com/cdn/shopifycloud/checkout-web/assets/c1/Section-legacy.Ckc-0v5L.js]
[naddict.com/cdn/shopifycloud/checkout-web/assets/c1/MobileOrderSummary-legacy.jrDH6LFW.js]
[naddict.com/cdn/shopifycloud/checkout-web/assets/c1/utilities-get-negotiation-input-legacy.CIO1Si_V.js]
[naddict.com/cdn/shopifycloud/checkout-web/assets/c1/hooks-useOnePageFormSubmit-legacy.CAGT_MHT.js]
[naddict.com/cdn/shopifycloud/checkout-web/assets/c1/shop-cash-constants-legacy.BaJZmjmN.js]
[naddict.com/cdn/shopifycloud/checkout-web/assets/c1/PaymentErrorBanner-legacy.BdldF68A.js]
[naddict.com/cdn/shopifycloud/checkout-web/assets/c1/StockProblems-StockProblemsLineItemList-legacy.xwgaUuRV.js]
[naddict.com/cdn/shopifycloud/checkout-web/assets/c1/DutyOptions-legacy.DRHFobq_.js]
[naddict.com/cdn/shopifycloud/checkout-web/assets/c1/ShipmentBreakdown-legacy.CaJdTKPG.js]
[naddict.com/cdn/shopifycloud/checkout-web/assets/c1/MerchandiseModal-legacy.uIVfeZoj.js]
[naddict.com/cdn/shopifycloud/checkout-web/assets/c1/extension-targets-shipping-options-legacy.1Ax4toSV.js]
[naddict.com/cdn/shopifycloud/checkout-web/assets/c1/ShippingMethodSelector-legacy.VEOtGNUn.js]
[naddict.com/cdn/shopifycloud/checkout-web/assets/c1/SubscriptionPriceBreakdown-legacy.DQUnm1uo.js]
[naddict.com/cdn/shopifycloud/checkout-web/assets/c1/hooks-useSubscribeMessenger-legacy.CyYLeyHt.js]
[naddict.com/checkouts/cn/hWNCSAlrjmekfMjR4HGAfdv1/en-ro5899.html]
